{
    "place_id": 1346017,
    "osm_type": "node",
    "osm_id": 317179427,
    "lon": "13.35918",
    "lat": "52.5460941",
    "licence": "Data © OpenStreetMap contributors, ODbL 1.0. https://osm.org/copyright",
    "address": {
        "continent": null,
        "country": "Deutschland",
        "country_code": "de",
        "state": "Berlin",
        "city": "Berlin",
        "borough": "Mitte",
        "suburb": "Wedding",
        "neighbourhood": "Sprengelkiez",
        "road": "Müllerstraße",
        "shop": "Kamps",
        "postcode": "13353"
    },
    "display_name": "Kamps, Müllerstraße, Sprengelkiez, Wedding, Mitte, Berlin, 13353, Deutschland",
    "icon": "https://nominatim.openstreetmap.org/ui/mapicons//shopping_bakery.p.20.png",
    "class": "shop",
    "type": "bakery",
    "importance": 0.30100000000000005,
    "boundingbox": [
        "52.5460441",
        "52.5461441",
        "13.35913",
        "13.35923"
    ]
}
